[{"program_name": "P_OGI", "emis_kg_day_site_med": 5.259096723635999, "act_leaks_day_site_med": 1.942, "mit_vol_tco2e": 118640.9069456582, "mit_vol_perc": 0.7289248348756524, "cost": 4235200.0, "cost_mit_vol_tco2e": 35.69763675137678, "nat_leak_repair_count": 4399.0, "emis_nat_perc": 0.4843894170067678, "methods": {"OGI": {"sites_visited": 5003.0, "n_flags": "N/A", "missed_leaks": 0.0, "n_tags": 1769.0, "flag_rate": "N/A", "tag_rate": 0.29742154707175694, "method_name": "OGI", "prescribed_surveys": 5003.0}}}, {"program_name": "P_aircraft", "emis_kg_day_site_med": 9.441510198217149, "act_leaks_day_site_med": 2.364, "mit_vol_tco2e": 18248.369832633514, "mit_vol_perc": 0.06934481920021897, "cost": 3223400.0, "cost_mit_vol_tco2e": 176.64043580679748, "nat_leak_repair_count": 5921.0, "emis_nat_perc": 0.8856059337446591, "methods": {"aircraft": {"sites_visited": 10080.0, "n_flags": 22.0, "missed_leaks": 19246.0, "n_tags": "N/A", "flag_rate": 0.0021825396825396826, "tag_rate": "N/A", "method_name": "aircraft", "prescribed_surveys": 10080.0}, "OGI_FU": {"sites_visited": 22.0, "n_flags": "N/A", "missed_leaks": 0.0, "n_tags": 38.0, "flag_rate": "N/A", "tag_rate": 1.0, "method_name": "OGI_FU", "prescribed_surveys": "N/A"}}}, {"program_name": "P_drone", "emis_kg_day_site_med": 5.5159235443718835, "act_leaks_day_site_med": 1.966, "mit_vol_tco2e": 110782.31155361245, "mit_vol_perc": 0.6492922458937789, "cost": 6784300.0, "cost_mit_vol_tco2e": 61.23992093012771, "nat_leak_repair_count": 3470.0, "emis_nat_perc": 0.3493255051034065, "methods": {"drone": {"sites_visited": 5009.0, "n_flags": 3463.0, "missed_leaks": 1052.0, "n_tags": "N/A", "flag_rate": 0.6913555599920144, "tag_rate": "N/A", "method_name": "drone", "prescribed_surveys": 5009.0}, "OGI_FU": {"sites_visited": 3461.0, "n_flags": "N/A", "missed_leaks": 0.0, "n_tags": 1697.0, "flag_rate": "N/A", "tag_rate": 0.40190696330540304, "method_name": "OGI_FU", "prescribed_surveys": "N/A"}}}, {"program_name": "P_none", "emis_kg_day_site_med": 10.038703602005294, "act_leaks_day_site_med": 2.372, "mit_vol_tco2e": 0.0, "mit_vol_perc": 0.0, "cost": 1191800.0, "cost_mit_vol_tco2e": NaN, "nat_leak_repair_count": 5959.0, "emis_nat_perc": 0.9244879978765466, "methods": {}}, {"program_name": "P_truck", "emis_kg_day_site_med": 6.315145685189402, "act_leaks_day_site_med": 2.018, "mit_vol_tco2e": 93541.75804631245, "mit_vol_perc": 0.4979315972564558, "cost": 5568100.0, "cost_mit_vol_tco2e": 59.52528706209732, "nat_leak_repair_count": 4125.0, "emis_nat_perc": 0.47719821948965363, "methods": {"truck": {"sites_visited": 5008.0, "n_flags": 2646.0, "missed_leaks": 1028.0, "n_tags": "N/A", "flag_rate": 0.5283546325878594, "tag_rate": "N/A", "method_name": "truck", "prescribed_surveys": 5008.0}, "OGI_FU": {"sites_visited": 2646.0, "n_flags": "N/A", "missed_leaks": 0.0, "n_tags": 1560.0, "flag_rate": "N/A", "tag_rate": 0.4614512471655329, "method_name": "OGI_FU", "prescribed_surveys": "N/A"}}}]