program_name,verification_cost,repair_cost,nat_repair_cost,aircraft_cost,OGI_FU_cost,OGI_cost,value_gas_sold,adjusted_program_cost
P_OGI,0.0,0.13368,0.35768,,,1.2,-0.2552237263988851,1.4361362736011152
P_aircraft,0.0,0.0026399999999999996,0.47248,0.8,0.006440000000000001,,-0.03202077520035881,1.249539224799641
P_none,0.0,0.0,0.47496000000000005,,,,-0.0,0.47496000000000005
