,program_name,total_program_emissions_kg,sale_price_natgas,GWP_CH4,carbon_price_tonnesCO2e,cost_CCUS,total_program_cost,total_emissions_mcf,simulation_avg_emissions_tonnesCO2e,difference_base_mcf,value_gas_sold,dif_base_tonnesCO2e,cost_mitigation_ratio
0,P_OGI,4820478.598389367,3.0,28.0,40.0,20.0,4228400.0,251082.23533708105,134973.40075490225,-212686.43866573754,638059.3159972127,114333.10637299373,36.98316379339429
1,P_aircraft,8391503.339564212,3.0,28.0,40.0,20.0,3203900.0,437084.69466918625,234962.09350779792,-26683.979333632335,80051.938000897,14344.41362009804,223.35524371041544
2,P_none,8903803.825996285,3.0,28.0,40.0,20.0,1187400.0,463768.6740028186,249306.50712789598,0.0,0.0,0.0,0.0
