[{"program_name": "P_OGI", "emis_kg_day_site_med": 5.065293062854813, "act_leaks_day_site_med": 1.946, "mit_vol_tco2e": 114276.43633692306, "mit_vol_perc": 0.7147373114307414, "cost": 4228400.0, "cost_mit_vol_tco2e": 37.00150385800744, "nat_leak_repair_count": 4455.0, "emis_nat_perc": 0.48285218486942666, "methods": {"OGI": {"sites_visited": 5000.0, "n_flags": "N/A", "missed_leaks": 0.0, "n_tags": 1689.0, "flag_rate": "N/A", "tag_rate": 0.2842, "method_name": "OGI", "prescribed_surveys": 5000.0}}}, {"program_name": "P_aircraft", "emis_kg_day_site_med": 9.163941639410046, "act_leaks_day_site_med": 2.352, "mit_vol_tco2e": 14336.877146566349, "mit_vol_perc": 0.05517887199696314, "cost": 3203900.0, "cost_mit_vol_tco2e": 223.4726549754475, "nat_leak_repair_count": 5905.0, "emis_nat_perc": 0.9037100961259266, "methods": {"aircraft": {"sites_visited": 10000.0, "n_flags": 23.0, "missed_leaks": 19018.0, "n_tags": "N/A", "flag_rate": 0.0023, "tag_rate": "N/A", "method_name": "aircraft", "prescribed_surveys": 10000.0}, "OGI_FU": {"sites_visited": 23.0, "n_flags": "N/A", "missed_leaks": 0.0, "n_tags": 34.0, "flag_rate": "N/A", "tag_rate": 0.782608695652174, "method_name": "OGI_FU", "prescribed_surveys": "N/A"}}}, {"program_name": "P_none", "emis_kg_day_site_med": 9.633844856668459, "act_leaks_day_site_med": 2.36, "mit_vol_tco2e": 0.0, "mit_vol_perc": 0.0, "cost": 1187400.0, "cost_mit_vol_tco2e": NaN, "nat_leak_repair_count": 5937.0, "emis_nat_perc": 0.91824184618173, "methods": {}}]