Simulating program: P_mobile_threshold ; simulation 1 of 1
Finished simulating program P_mobile_threshold ; simulation 1 of 1 
