Program Name,Simulation,"Total ""True"" Mitigated Emissions (Kg Methane)","Total ""True"" Emissions (Kg Methane)","Total ""Estimated"" Emissions (Kg Methane)","Total ""True"" Mitigable Emissions (Kg Methane)","Total ""True"" Non-Mitigable Emissions (Kg Methane)","Average ""True"" Emissions Rate (g/s)","95th Percentile ""True"" Emissions Rate (g/s)","5th Percentile ""True"" Emissions Rate (g/s)","Average ""True"" Emissions Amount (Kg Methane)","95th Percentile ""True"" Emissions Amount (Kg Methane)","5th Percentile ""True"" Emissions Amount (Kg Methane)","Year 2024 ""True"" Mitigated Emissions (Kg Methane)","Year 2025 ""True"" Mitigated Emissions (Kg Methane)","Year 2026 ""True"" Mitigated Emissions (Kg Methane)","Year 2027 ""True"" Mitigated Emissions (Kg Methane)","Year 2028 ""True"" Mitigated Emissions (Kg Methane)","Year 2024 ""True"" Emissions (Kg Methane)","Year 2025 ""True"" Emissions (Kg Methane)","Year 2026 ""True"" Emissions (Kg Methane)","Year 2027 ""True"" Emissions (Kg Methane)","Year 2028 ""True"" Emissions (Kg Methane)","Year 2024 ""Estimated"" Emissions (Kg Methane)","Year 2025 ""Estimated"" Emissions (Kg Methane)","Year 2026 ""Estimated"" Emissions (Kg Methane)","Year 2027 ""Estimated"" Emissions (Kg Methane)","Year 2028 ""Estimated"" Emissions (Kg Methane)"
P_air,0,0.0,7126257.862906683,0.0,0.0,7126257.862906683,0.469071889101785,2.1181052405321177,0.0018179798227759153,10732.316058594402,58002.339288244264,23.579408024275992,0.0,0.0,0.0,0.0,0.0,1088395.0542424119,1796953.6960698664,1425429.1167854748,923147.7536653582,943025.5854157428,2087426.5264387007,2289204.634827979,2294277.593679188,2551863.918568449,2409467.7744075865
P_air,1,0.0,9642468.261274256,0.0,0.0,9642468.261274256,0.5051317756423579,1.338356713012988,0.001135206646523445,13101.179702818283,39639.020601419936,22.185451955473138,0.0,0.0,0.0,0.0,0.0,1268445.3585647494,2328729.1068815356,2244831.893791284,1459966.7704738872,1440430.4009737372,5719222.502681939,5711147.120940293,5731221.70063301,5734909.314080598,5795565.613424885
P_none,0,0.0,7126257.862906683,0.0,0.0,7126257.862906683,0.469071889101785,2.1181052405321177,0.0018179798227759153,10732.316058594402,58002.339288244264,23.579408024275992,0.0,0.0,0.0,0.0,0.0,1088395.0542424119,1796953.6960698664,1425429.1167854748,923147.7536653582,943025.5854157428,0.0,0.0,0.0,0.0,0.0
P_none,1,0.0,9642468.261274256,0.0,0.0,9642468.261274256,0.5051317756423579,1.338356713012988,0.001135206646523445,13101.179702818283,39639.020601419936,22.185451955473138,0.0,0.0,0.0,0.0,0.0,1268445.3585647494,2328729.1068815356,2244831.893791284,1459966.7704738872,1440430.4009737372,0.0,0.0,0.0,0.0,0.0
P_OGI,0,0.0,7126257.862906683,0.0,0.0,7126257.862906683,0.469071889101785,2.1181052405321177,0.0018179798227759153,10732.316058594402,58002.339288244264,23.579408024275992,0.0,0.0,0.0,0.0,0.0,1088395.0542424119,1796953.6960698664,1425429.1167854748,923147.7536653582,943025.5854157428,1614731.0389016191,2195065.721347494,1685039.319624264,1224351.337812336,1486049.2989459767
P_OGI,1,0.0,9642468.261274256,0.0,0.0,9642468.261274256,0.5051317756423579,1.338356713012988,0.001135206646523445,13101.179702818283,39639.020601419936,22.185451955473138,0.0,0.0,0.0,0.0,0.0,1268445.3585647494,2328729.1068815356,2244831.893791284,1459966.7704738872,1440430.4009737372,2302153.512499892,2985423.6435825173,2603294.2858641343,1871276.0269818676,2166529.254547981
P_stationary,0,0.0,7126257.862906683,0.0,0.0,7126257.862906683,0.469071889101785,2.1181052405321177,0.0018179798227759153,10732.316058594402,58002.339288244264,23.579408024275992,0.0,0.0,0.0,0.0,0.0,1088395.0542424119,1796953.6960698664,1425429.1167854748,923147.7536653582,943025.5854157428,4203533.6527501615,4247985.732225823,3953081.9976612525,3785925.0774045624,3661354.2426204574
P_stationary,1,0.0,9642468.261274256,0.0,0.0,9642468.261274256,0.5051317756423579,1.338356713012988,0.001135206646523445,13101.179702818283,39639.020601419936,22.185451955473138,0.0,0.0,0.0,0.0,0.0,1268445.3585647494,2328729.1068815356,2244831.893791284,1459966.7704738872,1440430.4009737372,5531514.490847097,4585990.047612399,2884694.567599897,1521987.80199215,1290460.9263792264
