[{"program_name": "P_OGI", "emis_kg_day_site_med": 11.014758946882461, "act_leaks_day_site_med": 0.98, "mit_vol_tco2e": 169857.49123485392, "mit_vol_perc": 2.3631108997393295, "cost": 635100.0, "cost_mit_vol_tco2e": 3.7390167215049543, "nat_leak_repair_count": 105.0, "emis_nat_perc": 0.019934093832082122, "methods": {"OGI": {"sites_visited": 1003.0, "n_flags": "N/A", "missed_leaks": 660.0, "n_tags": 564.0, "flag_rate": "N/A", "tag_rate": 0.41575274177467597, "method_name": "OGI", "prescribed_surveys": 1003.0}}}, {"program_name": "P_air", "emis_kg_day_site_med": 48.98629543632931, "act_leaks_day_site_med": 2.28, "mit_vol_tco2e": 72678.82593298344, "mit_vol_perc": 0.42990613385063353, "cost": 233600.0, "cost_mit_vol_tco2e": 3.214141078935434, "nat_leak_repair_count": 569.0, "emis_nat_perc": 0.6567516862266998, "methods": {"airH": {"sites_visited": 1048.0, "n_flags": 14.0, "missed_leaks": 2369.0, "n_tags": "N/A", "flag_rate": 0.013358778625954198, "tag_rate": "N/A", "method_name": "airH", "prescribed_surveys": 1048.0}, "OGI_FU": {"sites_visited": 14.0, "n_flags": "N/A", "missed_leaks": 14.0, "n_tags": 39.0, "flag_rate": "N/A", "tag_rate": 1.0, "method_name": "OGI_FU", "prescribed_surveys": "N/A"}}}, {"program_name": "P_none", "emis_kg_day_site_med": 84.12055942272089, "act_leaks_day_site_med": 2.36, "mit_vol_tco2e": 0.0, "mit_vol_perc": 0.0, "cost": 120400.0, "cost_mit_vol_tco2e": NaN, "nat_leak_repair_count": 602.0, "emis_nat_perc": 0.8915391898555134, "methods": {}}]