Simulating program: P_mobile_proportion ; simulation 1 of 1
Finished simulating program P_mobile_proportion ; simulation 1 of 1 
