site_vis_date,site_visited,site_subtype_code,leaks_at_site,site_true_rate,site_measured_rate,site_vent_rate,found_leak,crew_ID
2017-01-04,1770,311,"[{'leak_ID': '1770_0000000001', 'rate': 1.2199190699997415, 'tagged': True, 'date_tagged': datetime.datetime(2017, 1, 4, 8, 0), 'OGI_FU_sp_covered': 1, 'OGI_FU_survey_tp_covered': 1}, {'leak_ID': '1770_0000000002', 'rate': 4.896051894694296, 'tagged': True, 'date_tagged': datetime.datetime(2017, 1, 4, 8, 0), 'OGI_FU_sp_covered': 1, 'OGI_FU_survey_tp_covered': 1}]",6.1159709646940374,6.1159709646940374,0,True,1
2017-04-05,937,311,"[{'leak_ID': '937_0000000001', 'rate': 0.07577228855270249, 'tagged': True, 'date_tagged': datetime.datetime(2017, 4, 5, 8, 0), 'OGI_FU_sp_covered': 1, 'OGI_FU_survey_tp_covered': 1}, {'leak_ID': '937_0000000002', 'rate': 9.982946626123983, 'tagged': True, 'date_tagged': datetime.datetime(2017, 4, 5, 8, 0), 'OGI_FU_sp_covered': 1, 'OGI_FU_survey_tp_covered': 1}]",10.058718914676685,10.058718914676685,0,True,1
2017-04-05,650,311,"[{'leak_ID': '650_0000000001', 'rate': 0.072436536237108, 'tagged': False, 'date_tagged': None, 'OGI_FU_sp_covered': 1, 'OGI_FU_survey_tp_covered': 1}, {'leak_ID': '650_0000000002', 'rate': 0.004419983920803838, 'tagged': False, 'date_tagged': None, 'OGI_FU_sp_covered': 1, 'OGI_FU_survey_tp_covered': 1}, {'leak_ID': '650_0000000003', 'rate': 0.4783021444829963, 'tagged': True, 'date_tagged': datetime.datetime(2017, 4, 5, 10, 30), 'OGI_FU_sp_covered': 1, 'OGI_FU_survey_tp_covered': 1}, {'leak_ID': '650_0000000004', 'rate': 7.20908850119472e-05, 'tagged': False, 'date_tagged': None, 'OGI_FU_sp_covered': 1, 'OGI_FU_survey_tp_covered': 1}, {'leak_ID': '650_0000000005', 'rate': 0.07712588063337202, 'tagged': True, 'date_tagged': datetime.datetime(2017, 4, 5, 10, 30), 'OGI_FU_sp_covered': 1, 'OGI_FU_survey_tp_covered': 1}, {'leak_ID': '650_0000000006', 'rate': 0.03553668350299133, 'tagged': False, 'date_tagged': None, 'OGI_FU_sp_covered': 1, 'OGI_FU_survey_tp_covered': 1}, {'leak_ID': '650_0000000007', 'rate': 7.979391060378526, 'tagged': True, 'date_tagged': datetime.datetime(2017, 4, 5, 10, 30), 'OGI_FU_sp_covered': 1, 'OGI_FU_survey_tp_covered': 1}]",8.647284380040809,8.534819085494894,0,True,1
2017-04-05,2283,311,"[{'leak_ID': '2283_0000000002', 'rate': 8.220613995879965, 'tagged': True, 'date_tagged': datetime.datetime(2017, 4, 5, 13, 0), 'OGI_FU_sp_covered': 1, 'OGI_FU_survey_tp_covered': 1}]",8.220613995879965,8.220613995879965,0,True,1
2020-04-04,2283,311,"[{'leak_ID': '2283_0000000009', 'rate': 0.6054995095152101, 'tagged': True, 'date_tagged': datetime.datetime(2020, 4, 4, 8, 0), 'OGI_FU_sp_covered': 1, 'OGI_FU_survey_tp_covered': 1}, {'leak_ID': '2283_0000000010', 'rate': 10.030724232403637, 'tagged': True, 'date_tagged': datetime.datetime(2020, 4, 4, 8, 0), 'OGI_FU_sp_covered': 1, 'OGI_FU_survey_tp_covered': 1}, {'leak_ID': '2283_0000000011', 'rate': 0.04416132934762472, 'tagged': True, 'date_tagged': datetime.datetime(2020, 4, 4, 8, 0), 'OGI_FU_sp_covered': 1, 'OGI_FU_survey_tp_covered': 1}]",10.680385071266473,10.680385071266473,0,True,1
2021-04-05,739,311,"[{'leak_ID': '739_0000000011', 'rate': 12.551234821144632, 'tagged': True, 'date_tagged': datetime.datetime(2021, 4, 5, 8, 0), 'OGI_FU_sp_covered': 1, 'OGI_FU_survey_tp_covered': 1}, {'leak_ID': '739_0000000012', 'rate': 0.05172424652026289, 'tagged': True, 'date_tagged': datetime.datetime(2021, 4, 5, 8, 0), 'OGI_FU_sp_covered': 1, 'OGI_FU_survey_tp_covered': 1}, {'leak_ID': '739_0000000013', 'rate': 0.046016964284569875, 'tagged': True, 'date_tagged': datetime.datetime(2021, 4, 5, 8, 0), 'OGI_FU_sp_covered': 1, 'OGI_FU_survey_tp_covered': 1}]",12.648976031949465,12.648976031949465,0,True,1
2021-10-04,2245,311,"[{'leak_ID': '2245_0000000009', 'rate': 0.14295759294865265, 'tagged': True, 'date_tagged': datetime.datetime(2021, 10, 4, 8, 0), 'OGI_FU_sp_covered': 1, 'OGI_FU_survey_tp_covered': 1}, {'leak_ID': '2245_0000000010', 'rate': 37.76529223754097, 'tagged': True, 'date_tagged': datetime.datetime(2021, 10, 4, 8, 0), 'OGI_FU_sp_covered': 1, 'OGI_FU_survey_tp_covered': 1}, {'leak_ID': '2245_0000000011', 'rate': 0.0453725971439848, 'tagged': True, 'date_tagged': datetime.datetime(2021, 10, 4, 8, 0), 'OGI_FU_sp_covered': 1, 'OGI_FU_survey_tp_covered': 1}]",37.95362242763361,37.95362242763361,0,True,1
