program_name,verification_cost,repair_cost,aircraft_cost,OGI_FU_cost,drone_cost,OGI_cost,truck_cost,value_gas_sold,adjusted_program_cost
P_OGI,0.0,0.49048,,,,1.2,,-0.2604371999070977,1.4300428000929024
P_aircraft,0.0,0.47208000000000006,0.8,0.00588,,,,-0.02273632995782965,1.2552236700421704
P_drone,0.0,0.48728000000000005,,1.21184,1.0,,,-0.244070040021029,2.455049959978971
P_none,0.0,0.472,,,,,,-0.0,0.472
P_truck,0.0,0.48392,,0.90832,,,0.8,-0.2128483890312798,1.9793916109687202
