,program_name,total_program_emissions_kg,sale_price_natgas,GWP_CH4,carbon_price_tonnesCO2e,cost_CCUS,total_program_cost,total_emissions_mcf,simulation_avg_emissions_tonnesCO2e,difference_base_mcf,value_gas_sold,dif_base_tonnesCO2e,cost_mitigation_ratio
0,P_OGI,4655355.449421436,3.0,28.0,40.0,20.0,4226200.0,242481.53553050617,130349.9525838002,-217030.99992258142,651092.9997677442,116668.59700154004,36.22397207660099
1,P_aircraft,8458332.43977776,3.0,28.0,40.0,20.0,3194900.0,440565.5938215629,236833.30831377726,-18946.941631524707,56840.82489457412,10185.241271562976,313.67936358268776
2,P_drone,4917213.69359819,3.0,28.0,40.0,20.0,6747800.0,256120.83543556344,137681.98342074934,-203391.70001752416,610175.1000525724,109336.5661645909,61.71585807663039
3,P_none,8822091.056619294,3.0,28.0,40.0,20.0,1180000.0,459512.5354530876,247018.54958534025,0.0,0.0,0.0,0.0
4,P_truck,5416728.989189213,3.0,28.0,40.0,20.0,5480600.0,282138.87792702107,151668.41169729797,-177373.65752606653,532120.9725781996,95350.1378880423,57.47867933274706
