[{"program_name": "P_OGI", "emis_kg_day_site_med": 10.167573248421581, "act_leaks_day_site_med": 1.0, "mit_vol_tco2e": 145539.40212659183, "mit_vol_perc": 2.85176263924904, "cost": 633800.0, "cost_mit_vol_tco2e": 4.354834434792535, "nat_leak_repair_count": 101.0, "emis_nat_perc": 0.01751558126068506, "methods": {"OGI": {"sites_visited": 1000.0, "n_flags": "N/A", "missed_leaks": 662.0, "n_tags": 568.0, "flag_rate": "N/A", "tag_rate": 0.41, "method_name": "OGI", "prescribed_surveys": 1000.0}}}, {"program_name": "P_air", "emis_kg_day_site_med": 54.08607951847266, "act_leaks_day_site_med": 2.4, "mit_vol_tco2e": 44447.96384959225, "mit_vol_perc": 0.29217797719161975, "cost": 224300.0, "cost_mit_vol_tco2e": 5.0463503965898235, "nat_leak_repair_count": 587.0, "emis_nat_perc": 0.803952437608768, "methods": {"airH": {"sites_visited": 1000.0, "n_flags": 7.0, "missed_leaks": 2364.0, "n_tags": "N/A", "flag_rate": 0.007, "tag_rate": "N/A", "method_name": "airH", "prescribed_surveys": 1000.0}, "OGI_FU": {"sites_visited": 7.0, "n_flags": "N/A", "missed_leaks": 4.0, "n_tags": 17.0, "flag_rate": "N/A", "tag_rate": 1.0, "method_name": "OGI_FU", "prescribed_surveys": "N/A"}}}, {"program_name": "P_none", "emis_kg_day_site_med": 64.65576515697731, "act_leaks_day_site_med": 2.46, "mit_vol_tco2e": 0.0, "mit_vol_perc": 0.0, "cost": 119600.0, "cost_mit_vol_tco2e": NaN, "nat_leak_repair_count": 598.0, "emis_nat_perc": 0.8180660763534064, "methods": {}}]