,program_name,total_program_emissions_kg,sale_price_natgas,GWP_CH4,carbon_price_tonnesCO2e,cost_CCUS,total_program_cost,total_emissions_mcf,simulation_avg_emissions_tonnesCO2e,difference_base_mcf,value_gas_sold,dif_base_tonnesCO2e,cost_mitigation_ratio
0,P_OGI,1413777.929163565,3.0,28.0,40.0,20.0,639400.0,73638.8546239418,39585.78201657982,-308539.91088174656,925619.7326452397,165860.72282021586,3.8550416827320557
1,P_air,1430264.2967328064,3.0,28.0,40.0,20.0,739600.0,74497.57309709444,40047.400308518576,-307681.19240859395,923043.5772257819,165399.1045282771,4.471608247876311
2,P_none,7337375.172742702,3.0,28.0,40.0,20.0,126600.0,382178.7655056884,205446.50483679568,0.0,0.0,0.0,0.0
