,program_name,total_program_emissions_kg,sale_price_natgas,GWP_CH4,carbon_price_tonnesCO2e,cost_CCUS,total_program_cost,total_emissions_mcf,simulation_avg_emissions_tonnesCO2e,difference_base_mcf,value_gas_sold,dif_base_tonnesCO2e,cost_mitigation_ratio
0,P_OGI,36979113.6,3.0,28.0,40.0,20.0,2566400.0,1926115.491224071,1035415.1808000001,-8093169.180191152,24279507.540573455,4350616.704000001,0.5898933816992947
1,P_air,61434201.599999994,3.0,28.0,40.0,20.0,1515200.0,3199897.3440169906,1720157.6448,-6819387.327398232,20458161.982194696,3665874.240000001,0.4133256900815014
2,P_none,192358281.60000002,3.0,28.0,40.0,20.0,488400.0,10019284.671415223,5386031.8848,0.0,0.0,0.0,0.0
