program_name,verification_cost,repair_cost,airH_cost,OGI_FU_cost,OGI_cost,value_gas_sold,adjusted_program_cost
P_OGI,0.24880000000000002,0.9952000000000001,,,1.902,-186459.35921140877,-186456.21321140876
P_air,0.2492,0.9968,0.4,0.92,,-178767.8279920592,-178765.2619920592
P_none,0.2388,0.9552,,,,-0.0,1.194
