,program_name,total_program_emissions_kg,sale_price_natgas,GWP_CH4,carbon_price_tonnesCO2e,cost_CCUS,total_program_cost,total_emissions_mcf,simulation_avg_emissions_tonnesCO2e,difference_base_mcf,value_gas_sold,dif_base_tonnesCO2e,cost_mitigation_ratio
0,P_OGI,88304120697.6,6.0,56.0,80.0,40.0,786500.0,4599459485.545036,4945030759.0656,-7769139967.142033,46614839802.852196,8352858902.169597,9.415937814964313e-05
1,P_air,94456962345.6,6.0,56.0,80.0,40.0,641500.0,4919939953.017936,5289589891.3536005,-7448659499.669133,44691956998.0148,8008299769.881597,8.010439399541666e-05
2,P_none,237462315379.19995,6.0,56.0,80.0,40.0,298500.0,12368599452.687069,13297889661.235197,0.0,0.0,0.0,0.0
