site_vis_date,site_visited,site_subtype_code,leaks_at_site,site_true_rate,site_measured_rate,site_vent_rate,found_leak,crew_ID
2017-01-03,ABRAND00666,361,"[{'leak_ID': 'ABRAND00666_0000000001', 'rate': 0.008769045050059383, 'tagged': False, 'date_tagged': None, 'OGI_FU_sp_covered': 1, 'OGI_FU_survey_tp_covered': 1}, {'leak_ID': 'ABRAND00666_0000000002', 'rate': 3.380316106846604, 'tagged': True, 'date_tagged': datetime.datetime(2017, 1, 3, 8, 5), 'OGI_FU_sp_covered': 1, 'OGI_FU_survey_tp_covered': 1}, {'leak_ID': 'ABRAND00666_0000000003', 'rate': 0.024485454806747634, 'tagged': False, 'date_tagged': None, 'OGI_FU_sp_covered': 1, 'OGI_FU_survey_tp_covered': 1}]",3.413570606703411,3.380316106846604,0,True,1
2017-01-03,ABRAND00442,361,"[{'leak_ID': 'ABRAND00442_0000000001', 'rate': 1.0433384439085727, 'tagged': True, 'date_tagged': datetime.datetime(2017, 1, 3, 10, 50), 'OGI_FU_sp_covered': 1, 'OGI_FU_survey_tp_covered': 1}, {'leak_ID': 'ABRAND00442_0000000002', 'rate': 0.0028835998441237055, 'tagged': False, 'date_tagged': None, 'OGI_FU_sp_covered': 1, 'OGI_FU_survey_tp_covered': 1}, {'leak_ID': 'ABRAND00442_0000000003', 'rate': 0.00883312205088601, 'tagged': False, 'date_tagged': None, 'OGI_FU_sp_covered': 1, 'OGI_FU_survey_tp_covered': 1}, {'leak_ID': 'ABRAND00442_0000000004', 'rate': 0.005549764013212207, 'tagged': False, 'date_tagged': None, 'OGI_FU_sp_covered': 1, 'OGI_FU_survey_tp_covered': 1}, {'leak_ID': 'ABRAND00442_0000000005', 'rate': 0.005987425957505933, 'tagged': False, 'date_tagged': None, 'OGI_FU_sp_covered': 1, 'OGI_FU_survey_tp_covered': 1}, {'leak_ID': 'ABRAND00442_0000000006', 'rate': 0.009207293288807419, 'tagged': False, 'date_tagged': None, 'OGI_FU_sp_covered': 1, 'OGI_FU_survey_tp_covered': 1}]",1.0757996490631079,1.0433384439085727,0,True,1
2017-01-09,ABRAND00864,351,"[{'leak_ID': 'ABRAND00864_0000000001', 'rate': 0.9911505893804474, 'tagged': True, 'date_tagged': datetime.datetime(2017, 1, 9, 8, 0), 'OGI_FU_sp_covered': 1, 'OGI_FU_survey_tp_covered': 1}, {'leak_ID': 'ABRAND00864_0000000002', 'rate': 0.005579257230702043, 'tagged': False, 'date_tagged': None, 'OGI_FU_sp_covered': 1, 'OGI_FU_survey_tp_covered': 1}, {'leak_ID': 'ABRAND00864_0000000003', 'rate': 0.008393652585646273, 'tagged': False, 'date_tagged': None, 'OGI_FU_sp_covered': 1, 'OGI_FU_survey_tp_covered': 0}]",1.0051234991967957,0.9911505893804474,0,True,1
2017-01-10,ABRAND00101,601,"[{'leak_ID': 'ABRAND00101_0000000002', 'rate': 1.85858426685287, 'tagged': True, 'date_tagged': datetime.datetime(2017, 1, 10, 8, 0), 'OGI_FU_sp_covered': 1, 'OGI_FU_survey_tp_covered': 1}]",1.85858426685287,1.85858426685287,0,True,1
2017-10-06,ABRAND00579,361,"[{'leak_ID': 'ABRAND00579_0000000001', 'rate': 1.302261212408791, 'tagged': True, 'date_tagged': datetime.datetime(2017, 10, 6, 8, 5), 'OGI_FU_sp_covered': 1, 'OGI_FU_survey_tp_covered': 1}]",1.302261212408791,1.302261212408791,0,True,1
2018-07-05,ABRAND01050,601,"[{'leak_ID': 'ABRAND01050_0000000003', 'rate': 0.0010676187761531303, 'tagged': False, 'date_tagged': None, 'OGI_FU_sp_covered': 1, 'OGI_FU_survey_tp_covered': 1}, {'leak_ID': 'ABRAND01050_0000000004', 'rate': 1.0502739633326685, 'tagged': False, 'date_tagged': None, 'OGI_FU_sp_covered': 1, 'OGI_FU_survey_tp_covered': 0}]",1.0513415821088217,0.0,0,False,1
2018-10-04,ABRAND01050,601,"[{'leak_ID': 'ABRAND01050_0000000003', 'rate': 0.0010676187761531303, 'tagged': False, 'date_tagged': None, 'OGI_FU_sp_covered': 1, 'OGI_FU_survey_tp_covered': 0}, {'leak_ID': 'ABRAND01050_0000000004', 'rate': 1.0502739633326685, 'tagged': True, 'date_tagged': datetime.datetime(2018, 10, 4, 8, 5), 'OGI_FU_sp_covered': 1, 'OGI_FU_survey_tp_covered': 1}, {'leak_ID': 'ABRAND01050_0000000005', 'rate': 0.0078046041265388295, 'tagged': False, 'date_tagged': None, 'OGI_FU_sp_covered': 1, 'OGI_FU_survey_tp_covered': 1}, {'leak_ID': 'ABRAND01050_0000000006', 'rate': 0.05338900844139428, 'tagged': False, 'date_tagged': None, 'OGI_FU_sp_covered': 0, 'OGI_FU_survey_tp_covered': 'N/A'}, {'leak_ID': 'ABRAND01050_0000000007', 'rate': 0.001086080400519223, 'tagged': False, 'date_tagged': None, 'OGI_FU_sp_covered': 1, 'OGI_FU_survey_tp_covered': 1}, {'leak_ID': 'ABRAND01050_0000000008', 'rate': 0.004308643992771865, 'tagged': False, 'date_tagged': None, 'OGI_FU_sp_covered': 1, 'OGI_FU_survey_tp_covered': 1}]",1.117929919070046,1.0502739633326685,0,True,1
2019-01-08,ABRAND00941,361,"[{'leak_ID': 'ABRAND00941_0000000009', 'rate': 0.031022458170056524, 'tagged': False, 'date_tagged': None, 'OGI_FU_sp_covered': 1, 'OGI_FU_survey_tp_covered': 1}, {'leak_ID': 'ABRAND00941_0000000010', 'rate': 1.003873865423032, 'tagged': False, 'date_tagged': None, 'OGI_FU_sp_covered': 1, 'OGI_FU_survey_tp_covered': 0}, {'leak_ID': 'ABRAND00941_0000000011', 'rate': 0.008925332112070715, 'tagged': False, 'date_tagged': None, 'OGI_FU_sp_covered': 0, 'OGI_FU_survey_tp_covered': 'N/A'}]",1.0438216557051592,0.0,0,False,1
2019-01-09,ABRAND00126,601,"[{'leak_ID': 'ABRAND00126_0000000005', 'rate': 0.02998668031630769, 'tagged': False, 'date_tagged': None, 'OGI_FU_sp_covered': 1, 'OGI_FU_survey_tp_covered': 1}, {'leak_ID': 'ABRAND00126_0000000006', 'rate': 0.45142906278458805, 'tagged': True, 'date_tagged': datetime.datetime(2019, 1, 9, 8, 0), 'OGI_FU_sp_covered': 1, 'OGI_FU_survey_tp_covered': 1}, {'leak_ID': 'ABRAND00126_0000000007', 'rate': 0.13729646218347283, 'tagged': True, 'date_tagged': datetime.datetime(2019, 1, 9, 8, 0), 'OGI_FU_sp_covered': 1, 'OGI_FU_survey_tp_covered': 1}, {'leak_ID': 'ABRAND00126_0000000008', 'rate': 2.1228783952167283, 'tagged': True, 'date_tagged': datetime.datetime(2019, 1, 9, 8, 0), 'OGI_FU_sp_covered': 1, 'OGI_FU_survey_tp_covered': 1}]",2.741590600501097,2.711603920184789,0,True,1
2019-04-04,ABRAND00060,601,"[{'leak_ID': 'ABRAND00060_0000000009', 'rate': 1.0346590026087308, 'tagged': False, 'date_tagged': None, 'OGI_FU_sp_covered': 0, 'OGI_FU_survey_tp_covered': 'N/A'}, {'leak_ID': 'ABRAND00060_0000000010', 'rate': 0.009974400380205436, 'tagged': False, 'date_tagged': None, 'OGI_FU_sp_covered': 1, 'OGI_FU_survey_tp_covered': 0}, {'leak_ID': 'ABRAND00060_0000000011', 'rate': 0.005321916366491627, 'tagged': False, 'date_tagged': None, 'OGI_FU_sp_covered': 1, 'OGI_FU_survey_tp_covered': 1}]",1.0499553193554279,0.0,0,False,1
2019-04-06,ABRAND00662,361,"[{'leak_ID': 'ABRAND00662_0000000005', 'rate': 0.045814777829236035, 'tagged': True, 'date_tagged': datetime.datetime(2019, 4, 6, 8, 5), 'OGI_FU_sp_covered': 1, 'OGI_FU_survey_tp_covered': 1}, {'leak_ID': 'ABRAND00662_0000000006', 'rate': 2.6031121487114905, 'tagged': False, 'date_tagged': None, 'OGI_FU_sp_covered': 0, 'OGI_FU_survey_tp_covered': 'N/A'}]",2.6489269265407267,0.045814777829236035,0,True,1
2019-04-09,ABRAND00941,361,"[{'leak_ID': 'ABRAND00941_0000000010', 'rate': 1.003873865423032, 'tagged': True, 'date_tagged': datetime.datetime(2019, 4, 9, 8, 0), 'OGI_FU_sp_covered': 1, 'OGI_FU_survey_tp_covered': 1}, {'leak_ID': 'ABRAND00941_0000000011', 'rate': 0.008925332112070715, 'tagged': False, 'date_tagged': None, 'OGI_FU_sp_covered': 0, 'OGI_FU_survey_tp_covered': 'N/A'}, {'leak_ID': 'ABRAND00941_0000000012', 'rate': 0.0017423816656320958, 'tagged': False, 'date_tagged': None, 'OGI_FU_sp_covered': 1, 'OGI_FU_survey_tp_covered': 1}]",1.0145415792007348,1.003873865423032,0,True,1
2019-07-04,ABRAND00060,601,"[{'leak_ID': 'ABRAND00060_0000000009', 'rate': 1.0346590026087308, 'tagged': False, 'date_tagged': None, 'OGI_FU_sp_covered': 0, 'OGI_FU_survey_tp_covered': 'N/A'}, {'leak_ID': 'ABRAND00060_0000000010', 'rate': 0.009974400380205436, 'tagged': False, 'date_tagged': None, 'OGI_FU_sp_covered': 1, 'OGI_FU_survey_tp_covered': 1}, {'leak_ID': 'ABRAND00060_0000000011', 'rate': 0.005321916366491627, 'tagged': False, 'date_tagged': None, 'OGI_FU_sp_covered': 1, 'OGI_FU_survey_tp_covered': 1}]",1.0499553193554279,0.0,0,False,1
2019-07-06,ABRAND00662,361,"[{'leak_ID': 'ABRAND00662_0000000006', 'rate': 2.6031121487114905, 'tagged': False, 'date_tagged': None, 'OGI_FU_sp_covered': 0, 'OGI_FU_survey_tp_covered': 'N/A'}, {'leak_ID': 'ABRAND00662_0000000007', 'rate': 0.3762100159616581, 'tagged': True, 'date_tagged': datetime.datetime(2019, 7, 6, 8, 5), 'OGI_FU_sp_covered': 1, 'OGI_FU_survey_tp_covered': 1}]",2.9793221646731487,0.3762100159616581,0,True,1
2019-10-03,ABRAND00438,351,"[{'leak_ID': 'ABRAND00438_0000000007', 'rate': 0.13438231864194652, 'tagged': True, 'date_tagged': datetime.datetime(2019, 10, 3, 8, 5), 'OGI_FU_sp_covered': 1, 'OGI_FU_survey_tp_covered': 1}, {'leak_ID': 'ABRAND00438_0000000008', 'rate': 0.03195342390928631, 'tagged': False, 'date_tagged': None, 'OGI_FU_sp_covered': 1, 'OGI_FU_survey_tp_covered': 1}, {'leak_ID': 'ABRAND00438_0000000009', 'rate': 2.197302609767969, 'tagged': False, 'date_tagged': None, 'OGI_FU_sp_covered': 1, 'OGI_FU_survey_tp_covered': 0}, {'leak_ID': 'ABRAND00438_0000000010', 'rate': 0.0017218619257352793, 'tagged': False, 'date_tagged': None, 'OGI_FU_sp_covered': 1, 'OGI_FU_survey_tp_covered': 1}]",2.3653602142449373,0.13438231864194652,0,True,1
2019-10-03,ABRAND00060,601,"[{'leak_ID': 'ABRAND00060_0000000009', 'rate': 1.0346590026087308, 'tagged': False, 'date_tagged': None, 'OGI_FU_sp_covered': 0, 'OGI_FU_survey_tp_covered': 'N/A'}, {'leak_ID': 'ABRAND00060_0000000010', 'rate': 0.009974400380205436, 'tagged': False, 'date_tagged': None, 'OGI_FU_sp_covered': 1, 'OGI_FU_survey_tp_covered': 1}, {'leak_ID': 'ABRAND00060_0000000011', 'rate': 0.005321916366491627, 'tagged': False, 'date_tagged': None, 'OGI_FU_sp_covered': 1, 'OGI_FU_survey_tp_covered': 1}, {'leak_ID': 'ABRAND00060_0000000012', 'rate': 0.004814786319763058, 'tagged': False, 'date_tagged': None, 'OGI_FU_sp_covered': 0, 'OGI_FU_survey_tp_covered': 'N/A'}, {'leak_ID': 'ABRAND00060_0000000013', 'rate': 0.02729014884622365, 'tagged': False, 'date_tagged': None, 'OGI_FU_sp_covered': 1, 'OGI_FU_survey_tp_covered': 1}]",1.0820602545214144,0.0,0,False,1
2020-01-03,ABRAND00438,351,"[{'leak_ID': 'ABRAND00438_0000000008', 'rate': 0.03195342390928631, 'tagged': False, 'date_tagged': None, 'OGI_FU_sp_covered': 1, 'OGI_FU_survey_tp_covered': 1}, {'leak_ID': 'ABRAND00438_0000000009', 'rate': 2.197302609767969, 'tagged': True, 'date_tagged': datetime.datetime(2020, 1, 3, 8, 5), 'OGI_FU_sp_covered': 1, 'OGI_FU_survey_tp_covered': 1}, {'leak_ID': 'ABRAND00438_0000000010', 'rate': 0.0017218619257352793, 'tagged': False, 'date_tagged': None, 'OGI_FU_sp_covered': 1, 'OGI_FU_survey_tp_covered': 1}, {'leak_ID': 'ABRAND00438_0000000011', 'rate': 0.006713522314249119, 'tagged': False, 'date_tagged': None, 'OGI_FU_sp_covered': 1, 'OGI_FU_survey_tp_covered': 1}]",2.23769141791724,2.197302609767969,0,True,1
2020-01-05,ABRAND01088,601,"[{'leak_ID': 'ABRAND01088_0000000006', 'rate': 1.1960697426539533, 'tagged': True, 'date_tagged': datetime.datetime(2020, 1, 5, 8, 5), 'OGI_FU_sp_covered': 1, 'OGI_FU_survey_tp_covered': 1}, {'leak_ID': 'ABRAND01088_0000000007', 'rate': 0.05914726692447284, 'tagged': False, 'date_tagged': None, 'OGI_FU_sp_covered': 1, 'OGI_FU_survey_tp_covered': 0}]",1.255217009578426,1.1960697426539533,0,True,1
2020-01-05,ABRAND00662,361,"[{'leak_ID': 'ABRAND00662_0000000006', 'rate': 2.6031121487114905, 'tagged': False, 'date_tagged': None, 'OGI_FU_sp_covered': 0, 'OGI_FU_survey_tp_covered': 'N/A'}, {'leak_ID': 'ABRAND00662_0000000008', 'rate': 0.017203096894684522, 'tagged': False, 'date_tagged': None, 'OGI_FU_sp_covered': 0, 'OGI_FU_survey_tp_covered': 'N/A'}, {'leak_ID': 'ABRAND00662_0000000009', 'rate': 0.00564231664094927, 'tagged': False, 'date_tagged': None, 'OGI_FU_sp_covered': 1, 'OGI_FU_survey_tp_covered': 1}]",2.6259575622471245,0.0,0,False,1
2020-07-06,ABRAND01163,601,"[{'leak_ID': 'ABRAND01163_0000000010', 'rate': 0.0015874656240041649, 'tagged': False, 'date_tagged': None, 'OGI_FU_sp_covered': 1, 'OGI_FU_survey_tp_covered': 1}, {'leak_ID': 'ABRAND01163_0000000011', 'rate': 0.0055334747180083325, 'tagged': False, 'date_tagged': None, 'OGI_FU_sp_covered': 1, 'OGI_FU_survey_tp_covered': 1}, {'leak_ID': 'ABRAND01163_0000000012', 'rate': 0.002650125421249095, 'tagged': False, 'date_tagged': None, 'OGI_FU_sp_covered': 1, 'OGI_FU_survey_tp_covered': 1}, {'leak_ID': 'ABRAND01163_0000000013', 'rate': 1.434643990058402, 'tagged': True, 'date_tagged': datetime.datetime(2020, 7, 6, 8, 5), 'OGI_FU_sp_covered': 1, 'OGI_FU_survey_tp_covered': 1}]",1.4444150558216637,1.434643990058402,0,True,1
2021-07-04,ABRAND01033,621,"[{'leak_ID': 'ABRAND01033_0000000020', 'rate': 0.0012039547089259448, 'tagged': False, 'date_tagged': None, 'OGI_FU_sp_covered': 0, 'OGI_FU_survey_tp_covered': 'N/A'}, {'leak_ID': 'ABRAND01033_0000000021', 'rate': 0.013608435418064804, 'tagged': False, 'date_tagged': None, 'OGI_FU_sp_covered': 1, 'OGI_FU_survey_tp_covered': 1}, {'leak_ID': 'ABRAND01033_0000000022', 'rate': 0.6984399984307441, 'tagged': True, 'date_tagged': datetime.datetime(2021, 7, 4, 8, 5), 'OGI_FU_sp_covered': 1, 'OGI_FU_survey_tp_covered': 1}, {'leak_ID': 'ABRAND01033_0000000023', 'rate': 0.8565979172627924, 'tagged': True, 'date_tagged': datetime.datetime(2021, 7, 4, 8, 5), 'OGI_FU_sp_covered': 1, 'OGI_FU_survey_tp_covered': 1}, {'leak_ID': 'ABRAND01033_0000000024', 'rate': 0.0014995168014884938, 'tagged': False, 'date_tagged': None, 'OGI_FU_sp_covered': 1, 'OGI_FU_survey_tp_covered': 1}, {'leak_ID': 'ABRAND01033_0000000025', 'rate': 0.03550147279699194, 'tagged': False, 'date_tagged': None, 'OGI_FU_sp_covered': 1, 'OGI_FU_survey_tp_covered': 1}]",1.6068512954190077,1.5550379156935366,0,True,1
