,program_name,total_program_emissions_kg,sale_price_natgas,GWP_CH4,carbon_price_tonnesCO2e,cost_CCUS,total_program_cost,total_emissions_mcf,simulation_avg_emissions_tonnesCO2e,difference_base_mcf,value_gas_sold,dif_base_tonnesCO2e,cost_mitigation_ratio
0,P_OGI,4509119.897655072,3.0,28.0,40.0,20.0,763800.0,234864.62603203472,126255.35713434199,-903390.613323144,2710171.839969432,485632.53838561755,1.5727941182423468
1,P_air,11621364.259055594,3.0,28.0,40.0,20.0,362200.0,605317.0979340273,325398.1992535566,-532938.1414211515,1598814.4242634545,286489.69626640296,1.2642688540644584
2,P_none,21853139.12571284,3.0,28.0,40.0,20.0,235400.0,1138255.2393551788,611887.8955199595,0.0,0.0,0.0,0.0
