[{"program_name": "P_OGI", "emis_kg_day_site_med": 22.313469861086205, "act_leaks_day_site_med": 1.86, "mit_vol_tco2e": 336574.71138469526, "mit_vol_perc": 1.0239785259154446, "cost": 753700.0, "cost_mit_vol_tco2e": 2.239324508069005, "nat_leak_repair_count": 209.0, "emis_nat_perc": 0.019714599211104408, "methods": {"OGI": {"sites_visited": 1003.0, "n_flags": "N/A", "missed_leaks": 1220.0, "n_tags": 1056.0, "flag_rate": "N/A", "tag_rate": 0.6410767696909272, "method_name": "OGI", "prescribed_surveys": 1003.0}}}, {"program_name": "P_air", "emis_kg_day_site_med": 86.87393400875544, "act_leaks_day_site_med": 4.36, "mit_vol_tco2e": 176436.24233415572, "mit_vol_perc": 0.36093460618798234, "cost": 343200.0, "cost_mit_vol_tco2e": 1.9451785838309086, "nat_leak_repair_count": 1055.0, "emis_nat_perc": 0.4092415118492544, "methods": {"airH": {"sites_visited": 1048.0, "n_flags": 22.0, "missed_leaks": 4499.0, "n_tags": "N/A", "flag_rate": 0.02099236641221374, "tag_rate": "N/A", "method_name": "airH", "prescribed_surveys": 1048.0}, "OGI_FU": {"sites_visited": 22.0, "n_flags": "N/A", "missed_leaks": 43.0, "n_tags": 85.0, "flag_rate": "N/A", "tag_rate": 1.0, "method_name": "OGI_FU", "prescribed_surveys": "N/A"}}}, {"program_name": "P_none", "emis_kg_day_site_med": 146.52277689797654, "act_leaks_day_site_med": 4.5, "mit_vol_tco2e": 0.0, "mit_vol_perc": 0.0, "cost": 225400.0, "cost_mit_vol_tco2e": NaN, "nat_leak_repair_count": 1127.0, "emis_nat_perc": 0.872713101848146, "methods": {}}]