Simulating program: P_OGI ; simulation 1 of 1
Finished simulating program P_OGI ; simulation 1 of 1 
