{'P_continuous': {'version': '2.0', 'parameter_level': 'program', 'methods': {'Continuous': {'consider_daylight': False, 'cost': {'per_day': 4, 'per_hour': 0, 'per_site': 0, 'upfront': 0}, 'coverage': {'spatial': 1, 'temporal': 1}, 'deployment_type': 'stationary', 'follow_up': {'preferred_method': None, 'delay': 30, 'instant_threshold': 5, 'instant_threshold_type': 'absolute', 'interaction_priority': 'threshold', 'min_followups': [], 'min_followup_type': 'annual', 'min_followup_days_to_end': 0, 'proportion': 1.0, 'redundancy_filter': 'recent', 'threshold': 0.0, 'threshold_type': 'absolute'}, 'is_follow_up': False, 'label': 'Continuous', 'max_workday': 8, 'measurement_scale': 'site', 'n_crews': None, 'parameter_level': 'method', 'reporting_delay': 2, 'scheduling': {'deployment_months': [1, 2, 3, 4, 5, 6, 7, 8, 9, 10, 11, 12], 'deployment_years': [], 'LDAR_crew_init_location': [-114.062, 51.044], 'home_bases_files': 'Airport_AB_Coordinates.csv', 'route_planning': False, 'travel_speeds': [], 'min_time_bt_surveys': None}, 'sensor': {'type': 'default', 'QE': 0.0, 'MDL': [2], 'mod_loc': None}, 't_bw_sites': {'file': None, 'vals': [30.0]}, 'weather_envs': {'precip': [0.0, 0.5], 'temp': [-40.0, 40.0], 'wind': [0.0, 10.0]}, 'version': '2.0', 'RS': None, 'time': None}, 'OGI_FU': {'consider_daylight': False, 'cost': {'per_day': 0, 'per_hour': 0, 'per_site': 700, 'upfront': 0}, 'coverage': {'spatial': 1, 'temporal': 1}, 'deployment_type': 'mobile', 'follow_up': {'preferred_method': None, 'delay': 0, 'instant_threshold': None, 'instant_threshold_type': 'absolute', 'interaction_priority': 'threshold', 'min_followups': [], 'min_followup_type': 'annual', 'min_followup_days_to_end': 0, 'proportion': 1.0, 'redundancy_filter': 'recent', 'threshold': 0.0, 'threshold_type': 'absolute'}, 'is_follow_up': True, 'label': 'OGI_FU', 'max_workday': 8, 'measurement_scale': 'component', 'n_crews': None, 'parameter_level': 'method', 'reporting_delay': 2, 'scheduling': {'deployment_months': [1, 2, 3, 4, 5, 6, 7, 8, 9, 10, 11, 12], 'deployment_years': [], 'LDAR_crew_init_location': [-114.062, 51.044], 'home_bases_files': 'Airport_AB_Coordinates.csv', 'route_planning': False, 'travel_speeds': [], 'min_time_bt_surveys': None}, 'sensor': {'type': 'default', 'QE': 0.0, 'MDL': [0.5], 'mod_loc': None}, 't_bw_sites': {'file': None, 'vals': [45]}, 'weather_envs': {'precip': [0.0, 0.5], 'temp': [-40.0, 40.0], 'wind': [0.0, 10.0]}, 'version': '2.0', 'RS': None, 'time': 120}}, 'method_labels': ['Continuous', 'OGI_FU'], 'program_name': 'P_continuous', 'weather_file': 'weather_alberta.nc', 'weather_is_hourly': True, 'infrastructure_file': 'facilities_alberta.csv', 'site_samples': 50, 'subtype_times_file': None, 'subtype_file': None, 'consider_weather': False, 'repair_delay': {'type': 'default', 'val': [14.0]}, 'emissions': {'consider_venting': False, 'leak_dist_params': [-2.776, 1.462], 'leak_dist_type': 'lognorm', 'leak_file': 'test_rates.csv', 'leak_file_use': 'sample', 'LPR': 0.0065, 'max_leak_rate': 100000.0, 'subtype_leak_dist_file': None, 'units': ['kilogram', 'hour']}, 'NRd': 365, 'n_init_leaks': None, 'n_init_days': None, 'economics': {'carbon_price_tonnesCO2e': 40.0, 'cost_CCUS': 20.0, 'GWP_CH4': 28.0, 'sale_price_natgas': 3.0, 'repair_costs': {'vals': [200], 'file': None}, 'verification_cost': 0}, 'start_date': [2017, 1, 1], 'end_date': [2021, 12, 31]}, 'P_mobile_campaigns': {'version': '2.0', 'parameter_level': 'program', 'methods': {'mobile_campaigns': {'consider_daylight': False, 'cost': {'per_day': 0, 'per_hour': 0, 'per_site': 100, 'upfront': 0}, 'coverage': {'spatial': 1.0, 'temporal': 1}, 'deployment_type': 'mobile', 'follow_up': {'preferred_method': None, 'delay': 0, 'instant_threshold': None, 'instant_threshold_type': 'absolute', 'interaction_priority': 'threshold', 'min_followups': [1, 0.5, 0.5, 0.5], 'min_followup_type': 'campaign', 'min_followup_days_to_end': 45, 'proportion': 1.0, 'redundancy_filter': 'recent', 'threshold': 0.0, 'threshold_type': 'absolute'}, 'is_follow_up': False, 'label': 'mobile_campaigns', 'max_workday': 8, 'measurement_scale': 'site', 'n_crews': None, 'parameter_level': 'method', 'reporting_delay': 2, 'scheduling': {'deployment_months': [1, 2, 3, 4, 5, 6, 7, 8, 9, 10, 11, 12], 'deployment_years': [], 'LDAR_crew_init_location': [-114.062, 51.044], 'home_bases_files': 'Airport_AB_Coordinates.csv', 'route_planning': False, 'travel_speeds': [], 'min_time_bt_surveys': None}, 'sensor': {'type': 'default', 'QE': 0.0, 'MDL': [3], 'mod_loc': None}, 't_bw_sites': {'file': None, 'vals': [30.0]}, 'weather_envs': {'precip': [0.0, 0.5], 'temp': [-40.0, 40.0], 'wind': [0.0, 10.0]}, 'version': '2.0', 'RS': 4, 'time': 30}, 'OGI_FU': {'consider_daylight': False, 'cost': {'per_day': 0, 'per_hour': 0, 'per_site': 700, 'upfront': 0}, 'coverage': {'spatial': 1, 'temporal': 1}, 'deployment_type': 'mobile', 'follow_up': {'preferred_method': None, 'delay': 0, 'instant_threshold': None, 'instant_threshold_type': 'absolute', 'interaction_priority': 'threshold', 'min_followups': [], 'min_followup_type': 'annual', 'min_followup_days_to_end': 0, 'proportion': 1.0, 'redundancy_filter': 'recent', 'threshold': 0.0, 'threshold_type': 'absolute'}, 'is_follow_up': True, 'label': 'OGI_FU', 'max_workday': 8, 'measurement_scale': 'component', 'n_crews': None, 'parameter_level': 'method', 'reporting_delay': 2, 'scheduling': {'deployment_months': [1, 2, 3, 4, 5, 6, 7, 8, 9, 10, 11, 12], 'deployment_years': [], 'LDAR_crew_init_location': [-114.062, 51.044], 'home_bases_files': 'Airport_AB_Coordinates.csv', 'route_planning': False, 'travel_speeds': [], 'min_time_bt_surveys': None}, 'sensor': {'type': 'default', 'QE': 0.0, 'MDL': [0.5], 'mod_loc': None}, 't_bw_sites': {'file': None, 'vals': [45]}, 'weather_envs': {'precip': [0.0, 0.5], 'temp': [-40.0, 40.0], 'wind': [0.0, 10.0]}, 'version': '2.0', 'RS': None, 'time': 120}}, 'method_labels': ['mobile_campaigns', 'OGI_FU'], 'program_name': 'P_mobile_campaigns', 'weather_file': 'weather_alberta.nc', 'weather_is_hourly': True, 'infrastructure_file': 'facilities_alberta.csv', 'site_samples': 50, 'subtype_times_file': None, 'subtype_file': None, 'consider_weather': False, 'repair_delay': {'type': 'default', 'val': [14.0]}, 'emissions': {'consider_venting': False, 'leak_dist_params': [-2.776, 1.462], 'leak_dist_type': 'lognorm', 'leak_file': 'test_rates.csv', 'leak_file_use': 'sample', 'LPR': 0.0065, 'max_leak_rate': 100000.0, 'subtype_leak_dist_file': None, 'units': ['kilogram', 'hour']}, 'NRd': 365, 'n_init_leaks': None, 'n_init_days': None, 'economics': {'carbon_price_tonnesCO2e': 40.0, 'cost_CCUS': 20.0, 'GWP_CH4': 28.0, 'sale_price_natgas': 3.0, 'repair_costs': {'vals': [200], 'file': None}, 'verification_cost': 0}, 'start_date': [2017, 1, 1], 'end_date': [2021, 12, 31]}, 'P_mobile_proportion': {'version': '2.0', 'parameter_level': 'program', 'methods': {'mobile_proportion': {'consider_daylight': False, 'cost': {'per_day': 0, 'per_hour': 0, 'per_site': 100, 'upfront': 0}, 'coverage': {'spatial': 1.0, 'temporal': 1}, 'deployment_type': 'mobile', 'follow_up': {'preferred_method': None, 'delay': 0, 'instant_threshold': None, 'instant_threshold_type': 'absolute', 'interaction_priority': 'threshold', 'min_followups': [], 'min_followup_type': 'annual', 'min_followup_days_to_end': 0, 'proportion': 0, 'redundancy_filter': 'recent', 'threshold': 0.0, 'threshold_type': 'absolute'}, 'is_follow_up': False, 'label': 'mobile_proportion', 'max_workday': 8, 'measurement_scale': 'site', 'n_crews': None, 'parameter_level': 'method', 'reporting_delay': 2, 'scheduling': {'deployment_months': [1, 2, 3, 4, 5, 6, 7, 8, 9, 10, 11, 12], 'deployment_years': [], 'LDAR_crew_init_location': [-114.062, 51.044], 'home_bases_files': 'Airport_AB_Coordinates.csv', 'route_planning': False, 'travel_speeds': [], 'min_time_bt_surveys': None}, 'sensor': {'type': 'default', 'QE': 0.0, 'MDL': [3], 'mod_loc': None}, 't_bw_sites': {'file': None, 'vals': [30.0]}, 'weather_envs': {'precip': [0.0, 0.5], 'temp': [-40.0, 40.0], 'wind': [0.0, 10.0]}, 'version': '2.0', 'RS': 4, 'time': 30}, 'OGI_FU': {'consider_daylight': False, 'cost': {'per_day': 0, 'per_hour': 0, 'per_site': 700, 'upfront': 0}, 'coverage': {'spatial': 1, 'temporal': 1}, 'deployment_type': 'mobile', 'follow_up': {'preferred_method': None, 'delay': 0, 'instant_threshold': None, 'instant_threshold_type': 'absolute', 'interaction_priority': 'threshold', 'min_followups': [], 'min_followup_type': 'annual', 'min_followup_days_to_end': 0, 'proportion': 1.0, 'redundancy_filter': 'recent', 'threshold': 0.0, 'threshold_type': 'absolute'}, 'is_follow_up': True, 'label': 'OGI_FU', 'max_workday': 8, 'measurement_scale': 'component', 'n_crews': None, 'parameter_level': 'method', 'reporting_delay': 2, 'scheduling': {'deployment_months': [1, 2, 3, 4, 5, 6, 7, 8, 9, 10, 11, 12], 'deployment_years': [], 'LDAR_crew_init_location': [-114.062, 51.044], 'home_bases_files': 'Airport_AB_Coordinates.csv', 'route_planning': False, 'travel_speeds': [], 'min_time_bt_surveys': None}, 'sensor': {'type': 'default', 'QE': 0.0, 'MDL': [0.5], 'mod_loc': None}, 't_bw_sites': {'file': None, 'vals': [45]}, 'weather_envs': {'precip': [0.0, 0.5], 'temp': [-40.0, 40.0], 'wind': [0.0, 10.0]}, 'version': '2.0', 'RS': None, 'time': 120}}, 'method_labels': ['mobile_proportion', 'OGI_FU'], 'program_name': 'P_mobile_proportion', 'weather_file': 'weather_alberta.nc', 'weather_is_hourly': True, 'infrastructure_file': 'facilities_alberta.csv', 'site_samples': 50, 'subtype_times_file': None, 'subtype_file': None, 'consider_weather': False, 'repair_delay': {'type': 'default', 'val': [14.0]}, 'emissions': {'consider_venting': False, 'leak_dist_params': [-2.776, 1.462], 'leak_dist_type': 'lognorm', 'leak_file': 'test_rates.csv', 'leak_file_use': 'sample', 'LPR': 0.0065, 'max_leak_rate': 100000.0, 'subtype_leak_dist_file': None, 'units': ['kilogram', 'hour']}, 'NRd': 365, 'n_init_leaks': None, 'n_init_days': None, 'economics': {'carbon_price_tonnesCO2e': 40.0, 'cost_CCUS': 20.0, 'GWP_CH4': 28.0, 'sale_price_natgas': 3.0, 'repair_costs': {'vals': [200], 'file': None}, 'verification_cost': 0}, 'start_date': [2017, 1, 1], 'end_date': [2021, 12, 31]}, 'P_mobile_threshold': {'version': '2.0', 'parameter_level': 'program', 'methods': {'mobile_threshold': {'consider_daylight': False, 'cost': {'per_day': 0, 'per_hour': 0, 'per_site': 100, 'upfront': 0}, 'coverage': {'spatial': 1.0, 'temporal': 1}, 'deployment_type': 'mobile', 'follow_up': {'preferred_method': None, 'delay': 0, 'instant_threshold': None, 'instant_threshold_type': 'absolute', 'interaction_priority': 'threshold', 'min_followups': [], 'min_followup_type': 'annual', 'min_followup_days_to_end': 0, 'proportion': 1.0, 'redundancy_filter': 'recent', 'threshold': 10, 'threshold_type': 'absolute'}, 'is_follow_up': False, 'label': 'mobile_threshold', 'max_workday': 8, 'measurement_scale': 'site', 'n_crews': None, 'parameter_level': 'method', 'reporting_delay': 2, 'scheduling': {'deployment_months': [1, 2, 3, 4, 5, 6, 7, 8, 9, 10, 11, 12], 'deployment_years': [], 'LDAR_crew_init_location': [-114.062, 51.044], 'home_bases_files': 'Airport_AB_Coordinates.csv', 'route_planning': False, 'travel_speeds': [], 'min_time_bt_surveys': None}, 'sensor': {'type': 'default', 'QE': 0.0, 'MDL': [3], 'mod_loc': None}, 't_bw_sites': {'file': None, 'vals': [30.0]}, 'weather_envs': {'precip': [0.0, 0.5], 'temp': [-40.0, 40.0], 'wind': [0.0, 10.0]}, 'version': '2.0', 'RS': 4, 'time': 30}, 'OGI_FU': {'consider_daylight': False, 'cost': {'per_day': 0, 'per_hour': 0, 'per_site': 700, 'upfront': 0}, 'coverage': {'spatial': 1, 'temporal': 1}, 'deployment_type': 'mobile', 'follow_up': {'preferred_method': None, 'delay': 0, 'instant_threshold': None, 'instant_threshold_type': 'absolute', 'interaction_priority': 'threshold', 'min_followups': [], 'min_followup_type': 'annual', 'min_followup_days_to_end': 0, 'proportion': 1.0, 'redundancy_filter': 'recent', 'threshold': 0.0, 'threshold_type': 'absolute'}, 'is_follow_up': True, 'label': 'OGI_FU', 'max_workday': 8, 'measurement_scale': 'component', 'n_crews': None, 'parameter_level': 'method', 'reporting_delay': 2, 'scheduling': {'deployment_months': [1, 2, 3, 4, 5, 6, 7, 8, 9, 10, 11, 12], 'deployment_years': [], 'LDAR_crew_init_location': [-114.062, 51.044], 'home_bases_files': 'Airport_AB_Coordinates.csv', 'route_planning': False, 'travel_speeds': [], 'min_time_bt_surveys': None}, 'sensor': {'type': 'default', 'QE': 0.0, 'MDL': [0.5], 'mod_loc': None}, 't_bw_sites': {'file': None, 'vals': [45]}, 'weather_envs': {'precip': [0.0, 0.5], 'temp': [-40.0, 40.0], 'wind': [0.0, 10.0]}, 'version': '2.0', 'RS': None, 'time': 120}}, 'method_labels': ['mobile_threshold', 'OGI_FU'], 'program_name': 'P_mobile_threshold', 'weather_file': 'weather_alberta.nc', 'weather_is_hourly': True, 'infrastructure_file': 'facilities_alberta.csv', 'site_samples': 50, 'subtype_times_file': None, 'subtype_file': None, 'consider_weather': False, 'repair_delay': {'type': 'default', 'val': [14.0]}, 'emissions': {'consider_venting': False, 'leak_dist_params': [-2.776, 1.462], 'leak_dist_type': 'lognorm', 'leak_file': 'test_rates.csv', 'leak_file_use': 'sample', 'LPR': 0.0065, 'max_leak_rate': 100000.0, 'subtype_leak_dist_file': None, 'units': ['kilogram', 'hour']}, 'NRd': 365, 'n_init_leaks': None, 'n_init_days': None, 'economics': {'carbon_price_tonnesCO2e': 40.0, 'cost_CCUS': 20.0, 'GWP_CH4': 28.0, 'sale_price_natgas': 3.0, 'repair_costs': {'vals': [200], 'file': None}, 'verification_cost': 0}, 'start_date': [2017, 1, 1], 'end_date': [2021, 12, 31]}, 'P_none': {'version': '2.0', 'parameter_level': 'program', 'methods': {}, 'method_labels': [], 'program_name': 'P_none', 'weather_file': 'weather_alberta.nc', 'weather_is_hourly': True, 'infrastructure_file': 'facilities_alberta.csv', 'site_samples': 50, 'subtype_times_file': None, 'subtype_file': None, 'consider_weather': False, 'repair_delay': {'type': 'default', 'val': [14.0]}, 'emissions': {'consider_venting': False, 'leak_dist_params': [-2.776, 1.462], 'leak_dist_type': 'lognorm', 'leak_file': 'test_rates.csv', 'leak_file_use': 'sample', 'LPR': 0.0065, 'max_leak_rate': 100000.0, 'subtype_leak_dist_file': None, 'units': ['kilogram', 'hour'], 'empirical_leaks': array([1, 1, 1, 1, 1, 1, 1, 1, 1, 1, 1, 1, 1, 1, 1, 1, 1, 1, 1, 6, 6, 6,
       6, 6], dtype=int64)}, 'NRd': 365, 'n_init_leaks': None, 'n_init_days': None, 'economics': {'carbon_price_tonnesCO2e': 40.0, 'cost_CCUS': 20.0, 'GWP_CH4': 28.0, 'sale_price_natgas': 3.0, 'repair_costs': {'vals': [200], 'file': None}, 'verification_cost': 0}, 'start_date': [2017, 1, 1], 'end_date': [2021, 12, 31], 'subtypes': {0: {'dist_type': 'lognorm', 'dist_scale': 0.062287158377333125, 'dist_shape': [1.462], 'leak_rate_units': ['kilogram', 'hour'], 'leak_rate_dist': <scipy.stats._distn_infrastructure.rv_continuous_frozen object at 0x0000020772FCFB90>}}}}
2023-07-28 12:22:26.469832