[{"program_name": "P_continuous", "emis_kg_day_site_med": 82.94400000000003, "act_leaks_day_site_med": 0.84, "mit_vol_tco2e": 812725.4016, "mit_vol_perc": 2.557655119908641, "cost": 1214600.0, "cost_mit_vol_tco2e": 1.4944777136396077, "nat_leak_repair_count": 71.0, "emis_nat_perc": 0.1972972972972973, "methods": {"Continuous": {"sites_visited": 91250.0, "n_flags": 1024.0, "missed_leaks": 63850.0, "n_tags": "N/A", "flag_rate": 0.011221917808219179, "tag_rate": "N/A", "method_name": "Continuous", "prescribed_surveys": 91250.0}, "OGI_FU": {"sites_visited": 1024.0, "n_flags": "N/A", "missed_leaks": 0.0, "n_tags": 592.0, "flag_rate": "N/A", "tag_rate": 0.8349609375, "method_name": "OGI_FU", "prescribed_surveys": "N/A"}}}, {"program_name": "P_mobile_campaigns", "emis_kg_day_site_med": 84.67200000000003, "act_leaks_day_site_med": 0.64, "mit_vol_tco2e": 815195.4048000001, "mit_vol_perc": 2.585525861473655, "cost": 671500.0, "cost_mit_vol_tco2e": 0.8237288827268913, "nat_leak_repair_count": 4.0, "emis_nat_perc": 0.011202418494732561, "methods": {"mobile_campaigns": {"sites_visited": 1000.0, "n_flags": 102.0, "missed_leaks": 455.0, "n_tags": "N/A", "flag_rate": 0.102, "tag_rate": "N/A", "method_name": "mobile_campaigns", "prescribed_surveys": 1000.0}, "OGI_FU": {"sites_visited": 627.0, "n_flags": "N/A", "missed_leaks": 0.0, "n_tags": 656.0, "flag_rate": "N/A", "tag_rate": 0.6220095693779905, "method_name": "OGI_FU", "prescribed_surveys": "N/A"}}}, {"program_name": "P_mobile_proportion", "emis_kg_day_site_med": 404.3520000000001, "act_leaks_day_site_med": 2.34, "mit_vol_tco2e": 0.0, "mit_vol_perc": 0.0, "cost": 216600.0, "cost_mit_vol_tco2e": NaN, "nat_leak_repair_count": 583.0, "emis_nat_perc": 0.9005923415037087, "methods": {"mobile_proportion": {"sites_visited": 1000.0, "n_flags": 0.0, "missed_leaks": 845.0, "n_tags": "N/A", "flag_rate": 0.0, "tag_rate": "N/A", "method_name": "mobile_proportion", "prescribed_surveys": 1000.0}, "OGI_FU": {"sites_visited": 0.0, "n_flags": "N/A", "missed_leaks": 0.0, "n_tags": 0.0, "flag_rate": "N/A", "tag_rate": NaN, "method_name": "OGI_FU", "prescribed_surveys": "N/A"}}}, {"program_name": "P_mobile_threshold", "emis_kg_day_site_med": 298.9439999999999, "act_leaks_day_site_med": 2.06, "mit_vol_tco2e": 254054.70720000006, "mit_vol_perc": 0.28987363435114083, "cost": 245700.0, "cost_mit_vol_tco2e": 0.9671145349280107, "nat_leak_repair_count": 458.0, "emis_nat_perc": 0.7133117295366593, "methods": {"mobile_threshold": {"sites_visited": 1000.0, "n_flags": 37.0, "missed_leaks": 888.0, "n_tags": "N/A", "flag_rate": 0.037, "tag_rate": "N/A", "method_name": "mobile_threshold", "prescribed_surveys": 1000.0}, "OGI_FU": {"sites_visited": 37.0, "n_flags": "N/A", "missed_leaks": 0.0, "n_tags": 139.0, "flag_rate": "N/A", "tag_rate": 1.0, "method_name": "OGI_FU", "prescribed_surveys": "N/A"}}}, {"program_name": "P_none", "emis_kg_day_site_med": 404.3520000000001, "act_leaks_day_site_med": 2.34, "mit_vol_tco2e": 0.0, "mit_vol_perc": 0.0, "cost": 116600.0, "cost_mit_vol_tco2e": NaN, "nat_leak_repair_count": 583.0, "emis_nat_perc": 0.9005923415037087, "methods": {}}]