program_name,verification_cost,repair_cost,nat_repair_cost,OGI_cost,truck_cost,OGI_FU_cost,value_gas_sold,adjusted_program_cost
P_OGI,0.0,0.14016,0.35128000000000004,1.2,,,-0.27547969715631015,1.41596030284369
P_none,0.0,0.0,0.010230399999999999,,,,-0.0,0.010230399999999999
P_truck,0.0,0.0026128,0.007876399999999999,,0.8,0.73948,-0.2136970806372027,1.336272119362797
