,program_name,total_program_emissions_kg,sale_price_natgas,GWP_CH4,carbon_price_tonnesCO2e,cost_CCUS,total_program_cost,total_emissions_mcf,simulation_avg_emissions_tonnesCO2e,difference_base_mcf,value_gas_sold,dif_base_tonnesCO2e,cost_mitigation_ratio
0,P_OGI,5126574.253710022,3.0,28.0,40.0,20.0,4228600.0,267025.7106157719,143544.07910388062,-229566.41429692513,688699.2428907754,123407.21594726352,34.26541930746608
1,P_none,9533974.823255148,3.0,28.0,40.0,20.0,25576.0,496592.124912697,266951.29505114414,0.0,0.0,0.0,0.0
2,P_truck,6115034.536065407,3.0,28.0,40.0,20.0,3874923.0,318511.22438169474,171220.9670098314,-178080.90053100226,534242.7015930067,95730.32804131274,40.47748586349526
