[{"program_name": "P_OGI", "emis_kg_day_site_med": 5.4008335610153635, "act_leaks_day_site_med": 1.964, "mit_vol_tco2e": 123325.76677536624, "mit_vol_perc": 0.726110162469511, "cost": 4228600.0, "cost_mit_vol_tco2e": 34.288049533900356, "nat_leak_repair_count": 4364.0, "emis_nat_perc": 0.43430716805329617, "methods": {"OGI": {"sites_visited": 5000.0, "n_flags": "N/A", "missed_leaks": 0.0, "n_tags": 1782.0, "flag_rate": "N/A", "tag_rate": 0.2934, "method_name": "OGI", "prescribed_surveys": 5000.0}}}, {"program_name": "P_none", "emis_kg_day_site_med": 10.36490511339424, "act_leaks_day_site_med": 2.37, "mit_vol_tco2e": 0.0, "mit_vol_perc": 0.0, "cost": 25576.0, "cost_mit_vol_tco2e": NaN, "nat_leak_repair_count": 5889.0, "emis_nat_perc": 0.8999727672218781, "methods": {}}, {"program_name": "P_truck", "emis_kg_day_site_med": 6.580066260067017, "act_leaks_day_site_med": 2.036, "mit_vol_tco2e": 95681.08566534324, "mit_vol_perc": 0.48448790443079404, "cost": 3874923.0, "cost_mit_vol_tco2e": 40.498317646112795, "nat_leak_repair_count": 4153.0, "emis_nat_perc": 0.4850895838042713, "methods": {"truck": {"sites_visited": 5000.0, "n_flags": 2641.0, "missed_leaks": 1044.0, "n_tags": "N/A", "flag_rate": 0.5282, "tag_rate": "N/A", "method_name": "truck", "prescribed_surveys": 5000.0}, "OGI_FU": {"sites_visited": 2641.0, "n_flags": "N/A", "missed_leaks": 0.0, "n_tags": 1521.0, "flag_rate": "N/A", "tag_rate": 0.4483150321847785, "method_name": "OGI_FU", "prescribed_surveys": "N/A"}}}]